// Jest Snapshot v1, https://goo.gl/fbAQLP

exports[`<App /> should produce a proper snapshot 1`] = `
<div>
  <div
    class="app"
  >
    <div
      class="ui fluid container"
    >
      <div>
        <div
          class="ui fluid icon left corner labeled input"
        >
          <div
            class="ui label label left corner"
          >
            <i
              aria-hidden="true"
              class="asterisk icon"
            />
          </div>
          <input
            type="text"
            placeholder="Filter..."
          />
          <i
            aria-hidden="true"
            class="search icon"
          />
        </div>
        <table
          class="ui selectable striped table"
        >
          <thead
            class=""
          >
            <tr
              class=""
            >
              <th
                class=""
              >
                Name
              </th>
              <th
                class=""
              >
                Type
              </th>
              <th
                class=""
              >
                Info
              </th>
            </tr>
          </thead>
          <tbody
            class=""
          >
            <tr
              class=""
            >
              <td
                class=""
              >
                a
              </td>
              <td
                class=""
              >
                square
              </td>
              <td
                class=""
              >
                {length:1}
              </td>
            </tr>
            <tr
              class=""
            >
              <td
                class=""
              >
                b
              </td>
              <td
                class=""
              >
                circle
              </td>
              <td
                class=""
              >
                {radius:1}
              </td>
            </tr>
            <tr
              class=""
            >
              <td
                class=""
              >
                c
              </td>
              <td
                class=""
              >
                triangle
              </td>
              <td
                class=""
              >
                {angles:[20,40,20]}
              </td>
            </tr>
            <tr
              class=""
            >
              <td
                class=""
              >
                d
              </td>
              <td
                class=""
              >
                square
              </td>
              <td
                class=""
              >
                {length:2}
              </td>
            </tr>
            <tr
              class=""
            >
              <td
                class=""
              >
                e
              </td>
              <td
                class=""
              >
                circle
              </td>
              <td
                class=""
              >
                {radius:2}
              </td>
            </tr>
            <tr
              class=""
            >
              <td
                class=""
              >
                f
              </td>
              <td
                class=""
              >
                triangle
              </td>
              <td
                class=""
              >
                {angles:[10,100,20]}
              </td>
            </tr>
            <tr
              class=""
            >
              <td
                class=""
              >
                g
              </td>
              <td
                class=""
              >
                square
              </td>
              <td
                class=""
              >
                {length:3}
              </td>
            </tr>
            <tr
              class=""
            >
              <td
                class=""
              >
                h
              </td>
              <td
                class=""
              >
                circle
              </td>
              <td
                class=""
              >
                {radius:3}
              </td>
            </tr>
            <tr
              class=""
            >
              <td
                class=""
              >
                i
              </td>
              <td
                class=""
              >
                triangle
              </td>
              <td
                class=""
              >
                {angles:[60,30,40]}
              </td>
            </tr>
            <tr
              class=""
            >
              <td
                class=""
              >
                j
              </td>
              <td
                class=""
              >
                square
              </td>
              <td
                class=""
              >
                {length:4}
              </td>
            </tr>
            <tr
              class=""
            >
              <td
                class=""
              >
                k
              </td>
              <td
                class=""
              >
                circle
              </td>
              <td
                class=""
              >
                {radius:4}
              </td>
            </tr>
            <tr
              class=""
            >
              <td
                class=""
              >
                l
              </td>
              <td
                class=""
              >
                triangle
              </td>
              <td
                class=""
              >
                {angles:[20,50,60]}
              </td>
            </tr>
            <tr
              class=""
            >
              <td
                class=""
              >
                m
              </td>
              <td
                class=""
              >
                square
              </td>
              <td
                class=""
              >
                {length:5}
              </td>
            </tr>
            <tr
              class=""
            >
              <td
                class=""
              >
                n
              </td>
              <td
                class=""
              >
                circle
              </td>
              <td
                class=""
              >
                {radius:5}
              </td>
            </tr>
            <tr
              class=""
            >
              <td
                class=""
              >
                o
              </td>
              <td
                class=""
              >
                triangle
              </td>
              <td
                class=""
              >
                {angles:[40,20,40]}
              </td>
            </tr>
            <tr
              class=""
            >
              <td
                class=""
              >
                p
              </td>
              <td
                class=""
              >
                square
              </td>
              <td
                class=""
              >
                {length:6}
              </td>
            </tr>
            <tr
              class=""
            >
              <td
                class=""
              >
                q
              </td>
              <td
                class=""
              >
                circle
              </td>
              <td
                class=""
              >
                {radius:6}
              </td>
            </tr>
            <tr
              class=""
            >
              <td
                class=""
              >
                r
              </td>
              <td
                class=""
              >
                triangle
              </td>
              <td
                class=""
              >
                {angles:[30,30,60]}
              </td>
            </tr>
            <tr
              class=""
            >
              <td
                class=""
              >
                s
              </td>
              <td
                class=""
              >
                square
              </td>
              <td
                class=""
              >
                {length:7}
              </td>
            </tr>
            <tr
              class=""
            >
              <td
                class=""
              >
                t
              </td>
              <td
                class=""
              >
                circle
              </td>
              <td
                class=""
              >
                {radius:7}
              </td>
            </tr>
            <tr
              class=""
            >
              <td
                class=""
              >
                u
              </td>
              <td
                class=""
              >
                triangle
              </td>
              <td
                class=""
              >
                {angles:[10,40,30]}
              </td>
            </tr>
            <tr
              class=""
            >
              <td
                class=""
              >
                v
              </td>
              <td
                class=""
              >
                square
              </td>
              <td
                class=""
              >
                {length:8}
              </td>
            </tr>
            <tr
              class=""
            >
              <td
                class=""
              >
                w
              </td>
              <td
                class=""
              >
                circle
              </td>
              <td
                class=""
              >
                {radius:8}
              </td>
            </tr>
            <tr
              class=""
            >
              <td
                class=""
              >
                x
              </td>
              <td
                class=""
              >
                triangle
              </td>
              <td
                class=""
              >
                {angles:[20,30,90]}
              </td>
            </tr>
            <tr
              class=""
            >
              <td
                class=""
              >
                y
              </td>
              <td
                class=""
              >
                square
              </td>
              <td
                class=""
              >
                {length:9}
              </td>
            </tr>
            <tr
              class=""
            >
              <td
                class=""
              >
                z
              </td>
              <td
                class=""
              >
                circle
              </td>
              <td
                class=""
              >
                {radius:9}
              </td>
            </tr>
          </tbody>
        </table>
      </div>
    </div>
  </div>
</div>
`;
